---
source: crates/cli/tests/integration.rs
expression: "String::from_utf8(cmd.output().unwrap().stdout).unwrap()"
---
A high-performance, secure, and beautiful Ethereum vanity address generator

Usage: vc [OPTIONS]

Options:
  -p, --prefix <PREFIX>
          Prefix must start with this string (e.g., "0xDEAD") [default: ]
  -s, --suffix <SUFFIX>
          Suffix must end with this string (e.g., "BEEF") [default: ]
      --case-sensitive
          Case-sensitive matching
      --no-tui
          Disable TUI and just print result to stdout
      --generate-batch <GENERATE_BATCH>
          Generate a batch of N random keys (JSON Lines format) for fuzzing
  -h, --help
          Print help
  -V, --version
          Print version
