---
source: crates/cli/tests/integration.rs
expression: text
---
A high-performance, secure, and beautiful Crypto vanity address generator

Usage: vc [OPTIONS]

Options:
      --chain <CHAIN>
          Blockchain to generate address for [default: ethereum] [possible values: ethereum, bitcoin, solana, ton]
      --network <NETWORK>
          Network (mainnet, testnet, regtest) [default: mainnet] [possible values: mainnet, testnet, regtest]
      --btc-type <BTC_TYPE>
          Bitcoin address type (only used if chain is bitcoin) [default: segwit] [possible values: legacy, segwit, taproot]
      --ton-version <TON_VERSION>
          TON wallet version (only used if chain is ton) [default: v4r2] [possible values: v4r2, v5r1]
  -p, --prefix <PREFIX>
          Prefix must start with this string (e.g., "0xDEAD") [default: ]
  -s, --suffix <SUFFIX>
          Suffix must end with this string (e.g., "BEEF") [default: ]
      --case-sensitive
          Case-sensitive matching
      --no-tui
          Print result to stdout without TUI
      --generate-batch <GENERATE_BATCH>
          Generate a batch of N random keys (JSON Lines format) for fuzzing
  -h, --help
          Print help
  -V, --version
          Print version
